Archive member included to satisfy reference by file (symbol)

c:/program files (x86)/atmel/studio/7.0/toolchain/avr8/avr8-gnu-toolchain/bin/../lib/gcc/avr/4.9.2/../../../../avr/lib/avr5\libm.a(addsf3.o)
                              motor_control.o (__subsf3)
c:/program files (x86)/atmel/studio/7.0/toolchain/avr8/avr8-gnu-toolchain/bin/../lib/gcc/avr/4.9.2/../../../../avr/lib/avr5\libm.a(addsf3x.o)
                              c:/program files (x86)/atmel/studio/7.0/toolchain/avr8/avr8-gnu-toolchain/bin/../lib/gcc/avr/4.9.2/../../../../avr/lib/avr5\libm.a(addsf3.o) (__addsf3x)
c:/program files (x86)/atmel/studio/7.0/toolchain/avr8/avr8-gnu-toolchain/bin/../lib/gcc/avr/4.9.2/../../../../avr/lib/avr5\libm.a(atan2.o)
                              motor_control.o (atan2)
c:/program files (x86)/atmel/studio/7.0/toolchain/avr8/avr8-gnu-toolchain/bin/../lib/gcc/avr/4.9.2/../../../../avr/lib/avr5\libm.a(atan.o)
                              c:/program files (x86)/atmel/studio/7.0/toolchain/avr8/avr8-gnu-toolchain/bin/../lib/gcc/avr/4.9.2/../../../../avr/lib/avr5\libm.a(atan2.o) (atan)
c:/program files (x86)/atmel/studio/7.0/toolchain/avr8/avr8-gnu-toolchain/bin/../lib/gcc/avr/4.9.2/../../../../avr/lib/avr5\libm.a(cmpsf2.o)
                              motor_control.o (__eqsf2)
c:/program files (x86)/atmel/studio/7.0/toolchain/avr8/avr8-gnu-toolchain/bin/../lib/gcc/avr/4.9.2/../../../../avr/lib/avr5\libm.a(cos.o)
                              robockey_robot.o (cos)
c:/program files (x86)/atmel/studio/7.0/toolchain/avr8/avr8-gnu-toolchain/bin/../lib/gcc/avr/4.9.2/../../../../avr/lib/avr5\libm.a(divsf3.o)
                              motor_control.o (__divsf3)
c:/program files (x86)/atmel/studio/7.0/toolchain/avr8/avr8-gnu-toolchain/bin/../lib/gcc/avr/4.9.2/../../../../avr/lib/avr5\libm.a(divsf3x.o)
                              c:/program files (x86)/atmel/studio/7.0/toolchain/avr8/avr8-gnu-toolchain/bin/../lib/gcc/avr/4.9.2/../../../../avr/lib/avr5\libm.a(divsf3.o) (__divsf3x)
c:/program files (x86)/atmel/studio/7.0/toolchain/avr8/avr8-gnu-toolchain/bin/../lib/gcc/avr/4.9.2/../../../../avr/lib/avr5\libm.a(exp.o)
                              particle_filter.o (exp)
c:/program files (x86)/atmel/studio/7.0/toolchain/avr8/avr8-gnu-toolchain/bin/../lib/gcc/avr/4.9.2/../../../../avr/lib/avr5\libm.a(fixsfsi.o)
                              motor_control.o (__fixsfsi)
c:/program files (x86)/atmel/studio/7.0/toolchain/avr8/avr8-gnu-toolchain/bin/../lib/gcc/avr/4.9.2/../../../../avr/lib/avr5\libm.a(fixunssfsi.o)
                              c:/program files (x86)/atmel/studio/7.0/toolchain/avr8/avr8-gnu-toolchain/bin/../lib/gcc/avr/4.9.2/../../../../avr/lib/avr5\libm.a(fixsfsi.o) (__fixunssfsi)
c:/program files (x86)/atmel/studio/7.0/toolchain/avr8/avr8-gnu-toolchain/bin/../lib/gcc/avr/4.9.2/../../../../avr/lib/avr5\libm.a(floatsisf.o)
                              robockey_robot.o (__floatunsisf)
c:/program files (x86)/atmel/studio/7.0/toolchain/avr8/avr8-gnu-toolchain/bin/../lib/gcc/avr/4.9.2/../../../../avr/lib/avr5\libm.a(fp_cmp.o)
                              c:/program files (x86)/atmel/studio/7.0/toolchain/avr8/avr8-gnu-toolchain/bin/../lib/gcc/avr/4.9.2/../../../../avr/lib/avr5\libm.a(cmpsf2.o) (__fp_cmp)
c:/program files (x86)/atmel/studio/7.0/toolchain/avr8/avr8-gnu-toolchain/bin/../lib/gcc/avr/4.9.2/../../../../avr/lib/avr5\libm.a(fp_inf.o)
                              c:/program files (x86)/atmel/studio/7.0/toolchain/avr8/avr8-gnu-toolchain/bin/../lib/gcc/avr/4.9.2/../../../../avr/lib/avr5\libm.a(addsf3x.o) (__fp_inf)
c:/program files (x86)/atmel/studio/7.0/toolchain/avr8/avr8-gnu-toolchain/bin/../lib/gcc/avr/4.9.2/../../../../avr/lib/avr5\libm.a(fp_nan.o)
                              c:/program files (x86)/atmel/studio/7.0/toolchain/avr8/avr8-gnu-toolchain/bin/../lib/gcc/avr/4.9.2/../../../../avr/lib/avr5\libm.a(addsf3x.o) (__fp_nan)
c:/program files (x86)/atmel/studio/7.0/toolchain/avr8/avr8-gnu-toolchain/bin/../lib/gcc/avr/4.9.2/../../../../avr/lib/avr5\libm.a(fp_powser.o)
                              c:/program files (x86)/atmel/studio/7.0/toolchain/avr8/avr8-gnu-toolchain/bin/../lib/gcc/avr/4.9.2/../../../../avr/lib/avr5\libm.a(atan.o) (__fp_powser)
c:/program files (x86)/atmel/studio/7.0/toolchain/avr8/avr8-gnu-toolchain/bin/../lib/gcc/avr/4.9.2/../../../../avr/lib/avr5\libm.a(fp_pscA.o)
                              c:/program files (x86)/atmel/studio/7.0/toolchain/avr8/avr8-gnu-toolchain/bin/../lib/gcc/avr/4.9.2/../../../../avr/lib/avr5\libm.a(addsf3x.o) (__fp_pscA)
c:/program files (x86)/atmel/studio/7.0/toolchain/avr8/avr8-gnu-toolchain/bin/../lib/gcc/avr/4.9.2/../../../../avr/lib/avr5\libm.a(fp_pscB.o)
                              c:/program files (x86)/atmel/studio/7.0/toolchain/avr8/avr8-gnu-toolchain/bin/../lib/gcc/avr/4.9.2/../../../../avr/lib/avr5\libm.a(addsf3x.o) (__fp_pscB)
[...]
Memory Configuration

Name             Origin             Length             Attributes
text             0x00000000         0x00020000         xr
data             0x00800060         0x0000ffa0         rw !x
eeprom           0x00810000         0x00010000         rw !x
fuse             0x00820000         0x00000003         rw !x
lock             0x00830000         0x00000400         rw !x
signature        0x00840000         0x00000400         rw !x
user_signatures  0x00850000         0x00000400         rw !x
*default*        0x00000000         0xffffffff

Linker script and memory map

Address of section .data set to 0x800100
LOAD C:/Program Files (x86)/Atmel/Studio/7.0/Packs/atmel/ATmega_DFP/1.1.130/gcc/dev/atmega32u4/avr5/crtatmega32u4.o
LOAD main.o
LOAD match_commands.o
LOAD motor_control.o
LOAD m_bus.o
LOAD m_rf.o
LOAD m_usb.o
LOAD m_wii.o
LOAD particle_filter.o
LOAD puck_find.o
LOAD robockey_median_filter.o
LOAD robockey_robot.o
LOAD score.o
START GROUP
LOAD c:/program files (x86)/atmel/studio/7.0/toolchain/avr8/avr8-gnu-toolchain/bin/../lib/gcc/avr/4.9.2/../../../../avr/lib/avr5\libm.a
END GROUP
START GROUP
LOAD c:/program files (x86)/atmel/studio/7.0/toolchain/avr8/avr8-gnu-toolchain/bin/../lib/gcc/avr/4.9.2/avr5\libgcc.a
LOAD c:/program files (x86)/atmel/studio/7.0/toolchain/avr8/avr8-gnu-toolchain/bin/../lib/gcc/avr/4.9.2/../../../../avr/lib/avr5\libm.a
LOAD c:/program files (x86)/atmel/studio/7.0/toolchain/avr8/avr8-gnu-toolchain/bin/../lib/gcc/avr/4.9.2/../../../../avr/lib/avr5\libc.a
LOAD C:/Program Files (x86)/Atmel/Studio/7.0/Packs/atmel/ATmega_DFP/1.1.130/gcc/dev/atmega32u4/avr5\libatmega32u4.a
END GROUP
                0x00020000                __TEXT_REGION_LENGTH__ = DEFINED (__TEXT_REGION_LENGTH__)?__TEXT_REGION_LENGTH__:0x20000
                0x0000ffa0                __DATA_REGION_LENGTH__ = DEFINED (__DATA_REGION_LENGTH__)?__DATA_REGION_LENGTH__:0xffa0
                0x00010000                __EEPROM_REGION_LENGTH__ = DEFINED (__EEPROM_REGION_LENGTH__)?__EEPROM_REGION_LENGTH__:0x10000
                [0x00000003]                __FUSE_REGION_LENGTH__ = DEFINED (__FUSE_REGION_LENGTH__)?__FUSE_REGION_LENGTH__:0x400
                0x00000400                __LOCK_REGION_LENGTH__ = DEFINED (__LOCK_REGION_LENGTH__)?__LOCK_REGION_LENGTH__:0x400
                0x00000400                __SIGNATURE_REGION_LENGTH__ = DEFINED (__SIGNATURE_REGION_LENGTH__)?__SIGNATURE_REGION_LENGTH__:0x400
                0x00000400                __USER_SIGNATURE_REGION_LENGTH__ = DEFINED (__USER_SIGNATURE_REGION_LENGTH__)?__USER_SIGNATURE_REGION_LENGTH__:0x400

.hash
 *(.hash)

.dynsym
 *(.dynsym)

.dynstr
 *(.dynstr)

.gnu.version
 *(.gnu.version)

.gnu.version_d
 *(.gnu.version_d)

.gnu.version_r
 *(.gnu.version_r)

.rel.init
 *(.rel.init)

.rela.init
 *(.rela.init)

.rel.text
 *(.rel.text)
 *(.rel.text.*)
 *(.rel.gnu.linkonce.t*)

.rela.text
 *(.rela.text)
 *(.rela.text.*)
 *(.rela.gnu.linkonce.t*)

.rel.fini
 *(.rel.fini)

.rela.fini
 *(.rela.fini)

.rel.rodata
 *(.rel.rodata)
 *(.rel.rodata.*)
 *(.rel.gnu.linkonce.r*)

.rela.rodata
 *(.rela.rodata)
 *(.rela.rodata.*)
 *(.rela.gnu.linkonce.r*)

.rel.data
 *(.rel.data)
 *(.rel.data.*)
 *(.rel.gnu.linkonce.d*)

.rela.data
 *(.rela.data)
 *(.rela.data.*)
 *(.rela.gnu.linkonce.d*)

.rel.ctors
 *(.rel.ctors)

.rela.ctors
 *(.rela.ctors)

.rel.dtors
 *(.rel.dtors)

.rela.dtors
 *(.rela.dtors)

.rel.got
 *(.rel.got)

.rela.got
 *(.rela.got)

.rel.bss
 *(.rel.bss)

.rela.bss
 *(.rela.bss)

.rel.plt
 *(.rel.plt)

.rela.plt
 *(.rela.plt)

.text           0x00000000     0x2d7c
 *(.vectors)
 .vectors       0x00000000       0xac C:/Program Files (x86)/Atmel/Studio/7.0/Packs/atmel/ATmega_DFP/1.1.130/gcc/dev/atmega32u4/avr5/crtatmega32u4.o
                0x00000000                __vector_default
                0x00000000                __vectors
 *(.vectors)
 *(.progmem.gcc*)
 .progmem.gcc_fplib
                0x000000ac       0x2d c:/program files (x86)/atmel/studio/7.0/toolchain/avr8/avr8-gnu-toolchain/bin/../lib/gcc/avr/4.9.2/../../../../avr/lib/avr5\libm.a(atan.o)
 .progmem.gcc_fplib
                0x000000d9       0x28 c:/program files (x86)/atmel/studio/7.0/toolchain/avr8/avr8-gnu-toolchain/bin/../lib/gcc/avr/4.9.2/../../../../avr/lib/avr5\libm.a(exp.o)
 .progmem.gcc_fplib
                0x00000101       0x1e c:/program files (x86)/atmel/studio/7.0/toolchain/avr8/avr8-gnu-toolchain/bin/../lib/gcc/avr/4.9.2/../../../../avr/lib/avr5\libm.a(fp_sinus.o)
 .progmem.gcc_fplib
                0x0000011f       0x5a c:/program files (x86)/atmel/studio/7.0/toolchain/avr8/avr8-gnu-toolchain/bin/../lib/gcc/avr/4.9.2/../../../../avr/lib/avr5\libm.a(log.o)
                0x0000017a                . = ALIGN (0x2)
 *fill*         0x00000179        0x1 
                0x0000017a                __trampolines_start = .
 *(.trampolines)
 .trampolines   0x0000017a        0x0 linker stubs
 *(.trampolines*)
                0x0000017a                __trampolines_end = .
 *libprintf_flt.a:*(.progmem.data)
 *libc.a:*(.progmem.data)
 *(.progmem*)
 .progmem.data.descriptor_list
                0x0000017a       0x2a m_usb.o
 .progmem.data.string3
                0x000001a4        0xa m_usb.o
 .progmem.data.string2
                0x000001ae        0x8 m_usb.o
 .progmem.data.string1
                0x000001b6       0x14 m_usb.o
 .progmem.data.string0
                0x000001ca        0x4 m_usb.o
 .progmem.data.config1_descriptor
                0x000001ce       0x43 m_usb.o
 .progmem.data.device_descriptor
                0x00000211       0x12 m_usb.o
 .progmem.data.endpoint_config_table
                0x00000223        0xa m_usb.o
 .progmem.data.__c.2243
                0x0000022d        0xf robockey_robot.o
 .progmem.data.__c.2241
                0x0000023c       0x11 robockey_robot.o
 .progmem.data.__c.2239
                0x0000024d        0x3 robockey_robot.o
 .progmem.data.__c.2237
                0x00000250        0x3 robockey_robot.o
 .progmem.data.__c.2235
                0x00000253        0x3 robockey_robot.o
 .progmem.data.__c.2233
                0x00000256       0x15 robockey_robot.o
 .progmem.data.__c.2231
                0x0000026b        0x3 robockey_robot.o
 .progmem.data.__c.2229
                0x0000026e        0x3 robockey_robot.o
 .progmem.data.__c.2227
                0x00000271        0x3 robockey_robot.o
 .progmem.data.__c.2225
                0x00000274       0x17 robockey_robot.o
 .progmem.data.__c.2223
                0x0000028b        0xf robockey_robot.o
 .progmem.data.__c.2221
                0x0000029a        0xf robockey_robot.o
 .progmem.data.__c.2219
                0x000002a9        0xc robockey_robot.o
 .progmem.data.__c.2214
                0x000002b5        0xa robockey_robot.o
 .progmem.data.__c.2212
                0x000002bf        0x3 robockey_robot.o
 .progmem.data.__c.2210
                0x000002c2        0x3 robockey_robot.o
 .progmem.data.__c.2208
                0x000002c5        0x3 robockey_robot.o
 .progmem.data.__c.2205
                0x000002c8        0x6 robockey_robot.o
 .progmem.data.__c.2198
                0x000002ce        0xb score.o
                0x000002da                . = ALIGN (0x2)
 *fill*         0x000002d9        0x1 
 *(.jumptables)
 *(.jumptables*)
 *(.lowtext)
 *(.lowtext*)
                0x000002da                __ctors_start = .
 *(.ctors)
                0x000002da                __ctors_end = .
                0x000002da                __dtors_start = .
 *(.dtors)
                0x000002da                __dtors_end = .
 SORT(*)(.ctors)
 SORT(*)(.dtors)
 *(.init0)
 .init0         0x000002da        0x0 C:/Program Files (x86)/Atmel/Studio/7.0/Packs/atmel/ATmega_DFP/1.1.130/gcc/dev/atmega32u4/avr5/crtatmega32u4.o
                0x000002da                __init
 *(.init0)
 *(.init1)
 *(.init1)
 *(.init2)
 .init2         0x000002da        0xc C:/Program Files (x86)/Atmel/Studio/7.0/Packs/atmel/ATmega_DFP/1.1.130/gcc/dev/atmega32u4/avr5/crtatmega32u4.o
 *(.init2)
 *(.init3)
 *(.init3)
 *(.init4)
 .init4         0x000002e6       0x16 c:/program files (x86)/atmel/studio/7.0/toolchain/avr8/avr8-gnu-toolchain/bin/../lib/gcc/avr/4.9.2/avr5\libgcc.a(_copy_data.o)
                0x000002e6                __do_copy_data
 .init4         0x000002fc       0x10 c:/program files (x86)/atmel/studio/7.0/toolchain/avr8/avr8-gnu-toolchain/bin/../lib/gcc/avr/4.9.2/avr5\libgcc.a(_clear_bss.o)
                0x000002fc                __do_clear_bss
 *(.init4)
 *(.init5)
 *(.init5)
 *(.init6)
 *(.init6)
 *(.init7)
 *(.init7)
 *(.init8)
 *(.init8)
 *(.init9)
 .init9         0x0000030c        0x8 C:/Program Files (x86)/Atmel/Studio/7.0/Packs/atmel/ATmega_DFP/1.1.130/gcc/dev/atmega32u4/avr5/crtatmega32u4.o
 *(.init9)
 *(.text)
 .text          0x00000314        0x4 C:/Program Files (x86)/Atmel/Studio/7.0/Packs/atmel/ATmega_DFP/1.1.130/gcc/dev/atmega32u4/avr5/crtatmega32u4.o
                0x00000314                __vector_38
                0x00000314                __vector_22
                0x00000314                __vector_28
                0x00000314                __vector_1
                0x00000314                __vector_32
                0x00000314                __vector_34
                0x00000314                __vector_24
                0x00000314                __vector_12
                0x00000314                __bad_interrupt
                0x00000314                __vector_6
                0x00000314                __vector_31
                0x00000314                __vector_35
                0x00000314                __vector_39
                0x00000314                __vector_23
                0x00000314                __vector_30
                0x00000314                __vector_25
                0x00000314                __vector_13
                0x00000314                __vector_17
                0x00000314                __vector_19
                0x00000314                __vector_7
                0x00000314                __vector_41
                0x00000314                __vector_27
                0x00000314                __vector_5
                0x00000314                __vector_33
                0x00000314                __vector_37
                0x00000314                __vector_4
                0x00000314                __vector_9
                0x00000314                __vector_2
                0x00000314                __vector_21
                0x00000314                __vector_15
                0x00000314                __vector_36
                0x00000314                __vector_29
                0x00000314                __vector_40
                0x00000314                __vector_8
                0x00000314                __vector_26
                0x00000314                __vector_14
                0x00000314                __vector_16
                0x00000314                __vector_18
                0x00000314                __vector_20
                0x00000314                __vector_42
                0x00000318                . = ALIGN (0x2)
 *(.text.*)
 .text.color_init
                0x00000318        0x6 main.o
                0x00000318                color_init
 .text.robockey_init
                0x0000031e       0x34 main.o
                0x0000031e                robockey_init
 .text.__vector_3
                0x00000352       0xaa main.o
                0x00000352                __vector_3
 .text.main     0x000003fc       0x88 main.o
                0x000003fc                main
 .text.init_rf  0x00000484       0x40 match_commands.o
                0x00000484                init_rf
 .text.read_switch
                0x000004c4       0x12 match_commands.o
                0x000004c4                read_switch
 .text.light_LED
                0x000004d6       0x14 match_commands.o
                0x000004d6                light_LED
 .text.flash_LED
                0x000004ea       0x1c match_commands.o
                0x000004ea                flash_LED
 .text.motor_init
                0x00000506       0x74 motor_control.o
                0x00000506                motor_init
 .text.turn_in_place
                0x0000057a       0x48 motor_control.o
                0x0000057a                turn_in_place
 .text.turn     0x000005c2       0xa8 motor_control.o
                0x000005c2                turn
 .text.facing_goal
                0x0000066a      0x124 motor_control.o
                0x0000066a                facing_goal
 .text.m_bus_init
                0x0000078e       0x22 m_bus.o
                0x0000078e                m_bus_init
 .text.m_rf_open
                0x000007b0       0xac m_rf.o
                0x000007b0                m_rf_open
 .text.m_rf_read
                0x0000085c       0xc8 m_rf.o
                0x0000085c                m_rf_read
 .text.m_usb_init
                0x00000924       0x32 m_usb.o
                0x00000924                m_usb_init
 .text.m_usb_tx_char
                0x00000956       0xb6 m_usb.o
                0x00000956                m_usb_tx_char
 .text.__vector_10
                0x00000a0c       0x7c m_usb.o
                0x00000a0c                __vector_10
 .text.__vector_11
                0x00000a88      0x306 m_usb.o
                0x00000a88                __vector_11
 .text.print_P  0x00000d8e       0x38 m_usb.o
                0x00000d8e                print_P
 .text.m_usb_tx_int
                0x00000dc6       0x68 m_usb.o
                0x00000dc6                m_usb_tx_int
 .text.twi_wait
                0x00000e2e       0x26 m_wii.o
                0x00000e2e                twi_wait
 .text.send_byte
                0x00000e54       0x1a m_wii.o
                0x00000e54                send_byte
 .text.start_write
                0x00000e6e       0x2e m_wii.o
                0x00000e6e                start_write
 .text.m_wii_open
                0x00000e9c      0x212 m_wii.o
                0x00000e9c                m_wii_open
 .text.start_read
                0x000010ae       0x30 m_wii.o
                0x000010ae                start_read
 .text.m_wii_read
                0x000010de      0x126 m_wii.o
                0x000010de                m_wii_read
 .text.ADC_init
                0x00001204       0x6c puck_find.o
                0x00001204                ADC_init
 .text.setMUX   0x00001270       0xa2 puck_find.o
                0x00001270                setMUX
 .text.readADC  0x00001312       0x32 puck_find.o
                0x00001312                readADC
 .text.read_pts
                0x00001344       0xa4 puck_find.o
                0x00001344                read_pts
 .text.get_turn
                0x000013e8       0xa8 puck_find.o
                0x000013e8                get_turn
 .text.has_puck
                0x00001490       0x22 puck_find.o
                0x00001490                has_puck
 .text.turn_to_puck
                0x000014b2       0x2a puck_find.o
                0x000014b2                turn_to_puck
 .text.step_to_puck
                0x000014dc       0xaa puck_find.o
                0x000014dc                step_to_puck
 .text.initialize_past_directions
                0x00001586       0x1a robockey_median_filter.o
                0x00001586                initialize_past_directions
 .text.update_past_directions
                0x000015a0       0x20 robockey_median_filter.o
                0x000015a0                update_past_directions
 .text.filter_directions
                0x000015c0       0xd2 robockey_median_filter.o
                0x000015c0                filter_directions
 .text.print_data
                0x00001692      0x2b0 robockey_robot.o
                0x00001692                print_data
 .text.init_robot
                0x00001942       0x22 robockey_robot.o
                0x00001942                init_robot
 .text.interpret
                0x00001964      0x8f4 robockey_robot.o
                0x00001964                interpret
 .text.step_to_goal
                0x00002258      0x134 score.o
                0x00002258                step_to_goal
 .text.avr-libc.fplib
                0x0000238c        0xe c:/program files (x86)/atmel/studio/7.0/toolchain/avr8/avr8-gnu-toolchain/bin/../lib/gcc/avr/4.9.2/../../../../avr/lib/avr5\libm.a(addsf3.o)
                0x0000238c                __subsf3
                0x0000238e                __addsf3
 .text.avr-libc.fplib
                0x0000239a       0xcc c:/program files (x86)/atmel/studio/7.0/toolchain/avr8/avr8-gnu-toolchain/bin/../lib/gcc/avr/4.9.2/../../../../avr/lib/avr5\libm.a(addsf3x.o)
                0x000023bc                __addsf3x
 .text.avr-libc.fplib
                0x00002466       0x86 c:/program files (x86)/atmel/studio/7.0/toolchain/avr8/avr8-gnu-toolchain/bin/../lib/gcc/avr/4.9.2/../../../../avr/lib/avr5\libm.a(atan2.o)
                0x0000248c                atan2
 .text.avr-libc.fplib
                0x000024ec       0x5e c:/program files (x86)/atmel/studio/7.0/toolchain/avr8/avr8-gnu-toolchain/bin/../lib/gcc/avr/4.9.2/../../../../avr/lib/avr5\libm.a(atan.o)
                0x000024ec                atan
 .text.avr-libc.fplib
                0x0000254a        0xa c:/program files (x86)/atmel/studio/7.0/toolchain/avr8/avr8-gnu-toolchain/bin/../lib/gcc/avr/4.9.2/../../../../avr/lib/avr5\libm.a(cmpsf2.o)
                0x0000254a                __nesf2
                0x0000254a                __eqsf2
                0x0000254a                __cmpsf2
                0x0000254a                __ltsf2
                0x0000254a                __lesf2
 .text.avr-libc.fplib
                0x00002554        0xa c:/program files (x86)/atmel/studio/7.0/toolchain/avr8/avr8-gnu-toolchain/bin/../lib/gcc/avr/4.9.2/../../../../avr/lib/avr5\libm.a(cos.o)
                0x00002554                cos
 .text.avr-libc.fplib
                0x0000255e        0x8 c:/program files (x86)/atmel/studio/7.0/toolchain/avr8/avr8-gnu-toolchain/bin/../lib/gcc/avr/4.9.2/../../../../avr/lib/avr5\libm.a(divsf3.o)
                0x0000255e                __divsf3
 .text.avr-libc.fplib
                0x00002566       0xdc c:/program files (x86)/atmel/studio/7.0/toolchain/avr8/avr8-gnu-toolchain/bin/../lib/gcc/avr/4.9.2/../../../../avr/lib/avr5\libm.a(divsf3x.o)
                0x00002586                __divsf3x
                0x0000258c                __divsf3_pse
 .text.avr-libc.fplib
                0x00002642       0x74 c:/program files (x86)/atmel/studio/7.0/toolchain/avr8/avr8-gnu-toolchain/bin/../lib/gcc/avr/4.9.2/../../../../avr/lib/avr5\libm.a(exp.o)
                0x00002652                exp
 .text.avr-libc.fplib
                0x000026b6        0xe c:/program files (x86)/atmel/studio/7.0/toolchain/avr8/avr8-gnu-toolchain/bin/../lib/gcc/avr/4.9.2/../../../../avr/lib/avr5\libm.a(fixsfsi.o)
                0x000026b6                __fixsfsi
 .text.avr-libc.fplib
                0x000026c4       0x5e c:/program files (x86)/atmel/studio/7.0/toolchain/avr8/avr8-gnu-toolchain/bin/../lib/gcc/avr/4.9.2/../../../../avr/lib/avr5\libm.a(fixunssfsi.o)
                0x000026c4                __fixunssfsi
 .text.avr-libc.fplib
                0x00002722       0x7a c:/program files (x86)/atmel/studio/7.0/toolchain/avr8/avr8-gnu-toolchain/bin/../lib/gcc/avr/4.9.2/../../../../avr/lib/avr5\libm.a(floatsisf.o)
                0x00002722                __floatunsisf
                0x00002726                __floatsisf
 .text.avr-libc.fplib
                0x0000279c       0x48 c:/program files (x86)/atmel/studio/7.0/toolchain/avr8/avr8-gnu-toolchain/bin/../lib/gcc/avr/4.9.2/../../../../avr/lib/avr5\libm.a(fp_cmp.o)
                0x0000279c                __fp_cmp
 .text.avr-libc.fplib
                0x000027e4        0xc c:/program files (x86)/atmel/studio/7.0/toolchain/avr8/avr8-gnu-toolchain/bin/../lib/gcc/avr/4.9.2/../../../../avr/lib/avr5\libm.a(fp_inf.o)
                0x000027e4                __fp_inf
 .text.avr-libc.fplib
                0x000027f0        0x6 c:/program files (x86)/atmel/studio/7.0/toolchain/avr8/avr8-gnu-toolchain/bin/../lib/gcc/avr/4.9.2/../../../../avr/lib/avr5\libm.a(fp_nan.o)
                0x000027f0                __fp_nan
 .text.avr-libc.fplib
                0x000027f6       0x4e c:/program files (x86)/atmel/studio/7.0/toolchain/avr8/avr8-gnu-toolchain/bin/../lib/gcc/avr/4.9.2/../../../../avr/lib/avr5\libm.a(fp_powser.o)
                0x000027f6                __fp_powser
 .text.avr-libc.fplib
                0x00002844        0xe c:/program files (x86)/atmel/studio/7.0/toolchain/avr8/avr8-gnu-toolchain/bin/../lib/gcc/avr/4.9.2/../../../../avr/lib/avr5\libm.a(fp_pscA.o)
                0x00002844                __fp_pscA
 .text.avr-libc.fplib
                0x00002852        0xe c:/program files (x86)/atmel/studio/7.0/toolchain/avr8/avr8-gnu-toolchain/bin/../lib/gcc/avr/4.9.2/../../../../avr/lib/avr5\libm.a(fp_pscB.o)
                0x00002852                __fp_pscB
 .text.avr-libc.fplib
                0x00002860       0x56 c:/program files (x86)/atmel/studio/7.0/toolchain/avr8/avr8-gnu-toolchain/bin/../lib/gcc/avr/4.9.2/../../../../avr/lib/avr5\libm.a(fp_rempio2.o)
                0x00002864                __fp_rempio2
 .text.avr-libc.fplib
                0x000028b6       0x22 c:/program files (x86)/atmel/studio/7.0/toolchain/avr8/avr8-gnu-toolchain/bin/../lib/gcc/avr/4.9.2/../../../../avr/lib/avr5\libm.a(fp_round.o)
                0x000028b6                __fp_round
 .text.avr-libc.fplib
                0x000028d8       0x28 c:/program files (x86)/atmel/studio/7.0/toolchain/avr8/avr8-gnu-toolchain/bin/../lib/gcc/avr/4.9.2/../../../../avr/lib/avr5\libm.a(fp_sinus.o)
                0x000028d8                __fp_sinus
 .text.avr-libc.fplib
                0x00002900       0x44 c:/program files (x86)/atmel/studio/7.0/toolchain/avr8/avr8-gnu-toolchain/bin/../lib/gcc/avr/4.9.2/../../../../avr/lib/avr5\libm.a(fp_split3.o)
                0x00002900                __fp_split3
                0x00002910                __fp_splitA
 .text.avr-libc.fplib
                0x00002944        0xe c:/program files (x86)/atmel/studio/7.0/toolchain/avr8/avr8-gnu-toolchain/bin/../lib/gcc/avr/4.9.2/../../../../avr/lib/avr5\libm.a(fp_zero.o)
                0x00002944                __fp_zero
                0x00002946                __fp_szero
 .text.avr-libc.fplib
                0x00002952        0xa c:/program files (x86)/atmel/studio/7.0/toolchain/avr8/avr8-gnu-toolchain/bin/../lib/gcc/avr/4.9.2/../../../../avr/lib/avr5\libm.a(gesf2.o)
                0x00002952                __gesf2
                0x00002952                __gtsf2
 .text.avr-libc.fplib
                0x0000295c       0x10 c:/program files (x86)/atmel/studio/7.0/toolchain/avr8/avr8-gnu-toolchain/bin/../lib/gcc/avr/4.9.2/../../../../avr/lib/avr5\libm.a(inverse.o)
                0x0000295c                inverse
 .text.avr-libc.fplib
                0x0000296c       0x74 c:/program files (x86)/atmel/studio/7.0/toolchain/avr8/avr8-gnu-toolchain/bin/../lib/gcc/avr/4.9.2/../../../../avr/lib/avr5\libm.a(ldexp.o)
                0x00002974                ldexp
 .text.avr-libc.fplib
                0x000029e0       0x68 c:/program files (x86)/atmel/studio/7.0/toolchain/avr8/avr8-gnu-toolchain/bin/../lib/gcc/avr/4.9.2/../../../../avr/lib/avr5\libm.a(modf.o)
                0x000029e0                modf
                0x000029e0                modff
 .text.avr-libc.fplib
                0x00002a48        0x8 c:/program files (x86)/atmel/studio/7.0/toolchain/avr8/avr8-gnu-toolchain/bin/../lib/gcc/avr/4.9.2/../../../../avr/lib/avr5\libm.a(mulsf3.o)
                0x00002a48                __mulsf3
 .text.avr-libc.fplib
                0x00002a50       0xd2 c:/program files (x86)/atmel/studio/7.0/toolchain/avr8/avr8-gnu-toolchain/bin/../lib/gcc/avr/4.9.2/../../../../avr/lib/avr5\libm.a(mulsf3x.o)
                0x00002a6e                __mulsf3x
                0x00002a74                __mulsf3_pse
 .text.avr-libc.fplib
                0x00002b22       0xa0 c:/program files (x86)/atmel/studio/7.0/toolchain/avr8/avr8-gnu-toolchain/bin/../lib/gcc/avr/4.9.2/../../../../avr/lib/avr5\libm.a(pow.o)
                0x00002b22                pow
 .text.avr-libc.fplib
                0x00002bc2       0x10 c:/program files (x86)/atmel/studio/7.0/toolchain/avr8/avr8-gnu-toolchain/bin/../lib/gcc/avr/4.9.2/../../../../avr/lib/avr5\libm.a(sin.o)
                0x00002bc2                sin
 .text.avr-libc.fplib
                0x00002bd2        0x8 c:/program files (x86)/atmel/studio/7.0/toolchain/avr8/avr8-gnu-toolchain/bin/../lib/gcc/avr/4.9.2/../../../../avr/lib/avr5\libm.a(square.o)
                0x00002bd2                square
 .text.avr-libc.fplib
                0x00002bda       0x1c c:/program files (x86)/atmel/studio/7.0/toolchain/avr8/avr8-gnu-toolchain/bin/../lib/gcc/avr/4.9.2/../../../../avr/lib/avr5\libm.a(fp_mpack.o)
                0x00002bda                __fp_mpack
                0x00002bde                __fp_mpack_finite
 .text.avr-libc.fplib
                0x00002bf6       0x28 c:/program files (x86)/atmel/studio/7.0/toolchain/avr8/avr8-gnu-toolchain/bin/../lib/gcc/avr/4.9.2/../../../../avr/lib/avr5\libm.a(fp_powsodd.o)
                0x00002bf6                __fp_powsodd
 .text.avr-libc.fplib
                0x00002c1e       0xa0 c:/program files (x86)/atmel/studio/7.0/toolchain/avr8/avr8-gnu-toolchain/bin/../lib/gcc/avr/4.9.2/../../../../avr/lib/avr5\libm.a(log.o)
                0x00002c2e                log
 .text.libgcc.div
                0x00002cbe       0x28 c:/program files (x86)/atmel/studio/7.0/toolchain/avr8/avr8-gnu-toolchain/bin/../lib/gcc/avr/4.9.2/avr5\libgcc.a(_divmodhi4.o)
                0x00002cbe                _div
                0x00002cbe                __divmodhi4
 .text.libgcc.div
                0x00002ce6       0x28 c:/program files (x86)/atmel/studio/7.0/toolchain/avr8/avr8-gnu-toolchain/bin/../lib/gcc/avr/4.9.2/avr5\libgcc.a(_udivmodhi4.o)
                0x00002ce6                __udivmodhi4
 .text.avr-libc
                0x00002d0e       0x16 c:/program files (x86)/atmel/studio/7.0/toolchain/avr8/avr8-gnu-toolchain/bin/../lib/gcc/avr/4.9.2/../../../../avr/lib/avr5\libc.a(itoa_ncheck.o)
                0x00002d0e                __itoa_ncheck
 .text.avr-libc
                0x00002d24       0x34 c:/program files (x86)/atmel/studio/7.0/toolchain/avr8/avr8-gnu-toolchain/bin/../lib/gcc/avr/4.9.2/../../../../avr/lib/avr5\libc.a(utoa_ncheck.o)
                0x00002d24                __utoa_ncheck
                0x00002d26                __utoa_common
 .text.avr-libc
                0x00002d58       0x20 c:/program files (x86)/atmel/studio/7.0/toolchain/avr8/avr8-gnu-toolchain/bin/../lib/gcc/avr/4.9.2/../../../../avr/lib/avr5\libc.a(strrev.o)
                0x00002d58                strrev
                0x00002d78                . = ALIGN (0x2)
 *(.fini9)
 .fini9         0x00002d78        0x0 c:/program files (x86)/atmel/studio/7.0/toolchain/avr8/avr8-gnu-toolchain/bin/../lib/gcc/avr/4.9.2/avr5\libgcc.a(_exit.o)
                0x00002d78                _exit
                0x00002d78                exit
 *(.fini9)
 *(.fini8)
 *(.fini8)
 *(.fini7)
 *(.fini7)
 *(.fini6)
 *(.fini6)
 *(.fini5)
 *(.fini5)
 *(.fini4)
 *(.fini4)
 *(.fini3)
 *(.fini3)
 *(.fini2)
 *(.fini2)
 *(.fini1)
 *(.fini1)
 *(.fini0)
 .fini0         0x00002d78        0x4 c:/program files (x86)/atmel/studio/7.0/toolchain/avr8/avr8-gnu-toolchain/bin/../lib/gcc/avr/4.9.2/avr5\libgcc.a(_exit.o)
 *(.fini0)
                0x00002d7c                _etext = .

.data           0x00800100       0x20 load address 0x00002d7c
                0x00800100                PROVIDE (__data_start, .)
 *(.data)
 *(.data*)
 .data.rx_address
                0x00800100        0x6 match_commands.o
                0x00800100                rx_address
 .data.cdc_line_coding
                0x00800106        0x7 m_usb.o
 .data.jtag_enabled
                0x0080010d        0x1 puck_find.o
                0x0080010d                jtag_enabled
 *(.rodata)
 .rodata        0x0080010e       0x12 puck_find.o
 *(.rodata*)
 *(.gnu.linkonce.d*)
                0x00800120                . = ALIGN (0x2)
                0x00800120                _edata = .
                0x00800120                PROVIDE (__data_end, .)

.bss            0x00800120       0x7f
                0x00800120                PROVIDE (__bss_start, .)
 *(.bss)
 *(.bss*)
 .bss.cdc_line_rtsdtr
                0x00800120        0x1 m_usb.o
 .bss.transmit_previous_timeout
                0x00800121        0x1 m_usb.o
 .bss.transmit_flush_timer
                0x00800122        0x1 m_usb.o
 .bss.usb_configuration
                0x00800123        0x1 m_usb.o
 .bss.zzz       0x00800124        0x2 puck_find.o
                0x00800124                zzz
 *(COMMON)
 COMMON         0x00800126        0x3 main.o
                0x00800126                active
                0x00800127                color
                0x00800128                received_message
 COMMON         0x00800129       0x76 robockey_median_filter.o
                0x00800129                past_data
                0x00800184                past_directions_initialized
                0x00800185                past_directions
                0x0080019f                PROVIDE (__bss_end, .)
                0x00002d7c                __data_load_start = LOADADDR (.data)
                0x00002d9c                __data_load_end = (__data_load_start + SIZEOF (.data))

.noinit         0x0080019f        0x0
                [!provide]                PROVIDE (__noinit_start, .)
 *(.noinit*)
                [!provide]                PROVIDE (__noinit_end, .)
                0x0080019f                _end = .
                [!provide]                PROVIDE (__heap_start, .)

.eeprom         0x00810000        0x0
 *(.eeprom*)
                0x00810000                __eeprom_end = .

.fuse
 *(.fuse)
 *(.lfuse)
 *(.hfuse)
 *(.efuse)

.lock
 *(.lock*)

.signature
 *(.signature*)

.user_signatures
 *(.user_signatures*)

.stab
 *(.stab)

.stabstr
 *(.stabstr)

.stab.excl
 *(.stab.excl)

.stab.exclstr
 *(.stab.exclstr)

.stab.index
 *(.stab.index)

.stab.indexstr
 *(.stab.indexstr)

.comment        0x00000000       0x30
 *(.comment)
 .comment       0x00000000       0x30 main.o
                                 0x31 (size before relaxing)
 .comment       0x00000030       0x31 match_commands.o
 .comment       0x00000030       0x31 motor_control.o
 .comment       0x00000030       0x31 m_bus.o
 .comment       0x00000030       0x31 m_rf.o
 .comment       0x00000030       0x31 m_usb.o
 .comment       0x00000030       0x31 m_wii.o
 .comment       0x00000030       0x31 puck_find.o
 .comment       0x00000030       0x31 robockey_median_filter.o
 .comment       0x00000030       0x31 robockey_robot.o
 .comment       0x00000030       0x31 score.o

.note.gnu.avr.deviceinfo
                0x00000000       0x40
 .note.gnu.avr.deviceinfo
                0x00000000       0x40 C:/Program Files (x86)/Atmel/Studio/7.0/Packs/atmel/ATmega_DFP/1.1.130/gcc/dev/atmega32u4/avr5/crtatmega32u4.o

.note.gnu.build-id
 *(.note.gnu.build-id)

.debug
 *(.debug)

.line
 *(.line)

.debug_srcinfo
 *(.debug_srcinfo)

.debug_sfnames
 *(.debug_sfnames)

.debug_aranges  0x00000000      0x390
 *(.debug_aranges)
 .debug_aranges
                0x00000000       0x38 main.o
 .debug_aranges
                0x00000038       0x40 match_commands.o
 .debug_aranges
                0x00000078       0x50 motor_control.o
 .debug_aranges
                0x000000c8       0x58 m_bus.o
 .debug_aranges
                0x00000120       0x30 m_rf.o
 .debug_aranges
                0x00000150       0xe0 m_usb.o
 .debug_aranges
                0x00000230       0x50 m_wii.o
 .debug_aranges
                0x00000280       0x60 puck_find.o
 .debug_aranges
                0x000002e0       0x58 robockey_median_filter.o
 .debug_aranges
                0x00000338       0x38 robockey_robot.o
 .debug_aranges
                0x00000370       0x20 score.o

.debug_pubnames
 *(.debug_pubnames)

.debug_info     0x00000000     0x49e1
 *(.debug_info .gnu.linkonce.wi.*)
 .debug_info    0x00000000      0x9f4 C:/Program Files (x86)/Atmel/Studio/7.0/Packs/atmel/ATmega_DFP/1.1.130/gcc/dev/atmega32u4/avr5/crtatmega32u4.o
 .debug_info    0x000009f4      0x4a9 main.o
 .debug_info    0x00000e9d      0x31b match_commands.o
 .debug_info    0x000011b8      0x35f motor_control.o
 .debug_info    0x00001517      0x2fa m_bus.o
 .debug_info    0x00001811      0x189 m_rf.o
 .debug_info    0x0000199a      0xf86 m_usb.o
 .debug_info    0x00002920      0x6fb m_wii.o
 .debug_info    0x0000301b      0x75c puck_find.o
 .debug_info    0x00003777      0x535 robockey_median_filter.o
 .debug_info    0x00003cac      0x9b2 robockey_robot.o
 .debug_info    0x0000465e      0x383 score.o

.debug_abbrev   0x00000000     0x1ea5
 *(.debug_abbrev)
 .debug_abbrev  0x00000000      0x96a C:/Program Files (x86)/Atmel/Studio/7.0/Packs/atmel/ATmega_DFP/1.1.130/gcc/dev/atmega32u4/avr5/crtatmega32u4.o
 .debug_abbrev  0x0000096a      0x293 main.o
 .debug_abbrev  0x00000bfd      0x1d7 match_commands.o
 .debug_abbrev  0x00000dd4      0x179 motor_control.o
 .debug_abbrev  0x00000f4d      0x149 m_bus.o
 .debug_abbrev  0x00001096       0xb6 m_rf.o
 .debug_abbrev  0x0000114c      0x2bd m_usb.o
 .debug_abbrev  0x00001409      0x1be m_wii.o
 .debug_abbrev  0x000015c7      0x2e5 puck_find.o
 .debug_abbrev  0x000018ac      0x239 robockey_median_filter.o
 .debug_abbrev  0x00001ae5      0x234 robockey_robot.o
 .debug_abbrev  0x00001d19      0x18c score.o

.debug_line     0x00000000     0x2e58
 *(.debug_line .debug_line.* .debug_line_end)
 .debug_line    0x00000000      0x199 C:/Program Files (x86)/Atmel/Studio/7.0/Packs/atmel/ATmega_DFP/1.1.130/gcc/dev/atmega32u4/avr5/crtatmega32u4.o
 .debug_line    0x00000199      0x2a9 main.o
 .debug_line    0x00000442      0x23b match_commands.o
 .debug_line    0x0000067d      0x33c motor_control.o
 .debug_line    0x000009b9      0x258 m_bus.o
 .debug_line    0x00000c11      0x367 m_rf.o
 .debug_line    0x00000f78      0xda6 m_usb.o
 .debug_line    0x00001d1e      0x4a2 m_wii.o
 .debug_line    0x000021c0      0x4d0 puck_find.o
 .debug_line    0x00002690      0x33c robockey_median_filter.o
 .debug_line    0x000029cc      0x35d robockey_robot.o
 .debug_line    0x00002d29      0x12f score.o

.debug_frame    0x00000000      0xadc
 *(.debug_frame)
 .debug_frame   0x00000000       0xbc main.o
 .debug_frame   0x000000bc       0x84 match_commands.o
 .debug_frame   0x00000140      0x124 motor_control.o
 .debug_frame   0x00000264       0xb8 m_bus.o
 .debug_frame   0x0000031c       0x6c m_rf.o
 .debug_frame   0x00000388      0x328 m_usb.o
 .debug_frame   0x000006b0       0xb0 m_wii.o
 .debug_frame   0x00000760       0xfc puck_find.o
 .debug_frame   0x0000085c      0x104 robockey_median_filter.o
 .debug_frame   0x00000960      0x114 robockey_robot.o
 .debug_frame   0x00000a74       0x68 score.o

.debug_str      0x00000000      0xf1f
 *(.debug_str)
 .debug_str     0x00000000      0x371 C:/Program Files (x86)/Atmel/Studio/7.0/Packs/atmel/ATmega_DFP/1.1.130/gcc/dev/atmega32u4/avr5/crtatmega32u4.o
 .debug_str     0x00000371      0x2b5 main.o
                                0x2ff (size before relaxing)
 .debug_str     0x00000626       0x44 match_commands.o
                                0x2a6 (size before relaxing)
 .debug_str     0x0000066a       0xbc motor_control.o
                                0x2bd (size before relaxing)
 .debug_str     0x00000726       0x90 m_bus.o
                                0x247 (size before relaxing)
 .debug_str     0x000007b6       0x4d m_rf.o
                                0x211 (size before relaxing)
 .debug_str     0x00000803      0x3dc m_usb.o
                                0x5e7 (size before relaxing)
 .debug_str     0x00000bdf       0x56 m_wii.o
                                0x288 (size before relaxing)
 .debug_str     0x00000c35       0x9d puck_find.o
                                0x324 (size before relaxing)
 .debug_str     0x00000cd2      0x136 robockey_median_filter.o
                                0x357 (size before relaxing)
 .debug_str     0x00000e08       0xfa robockey_robot.o
                                0x328 (size before relaxing)
 .debug_str     0x00000f02       0x1d score.o
                                0x27a (size before relaxing)

.debug_loc      0x00000000     0x3ca5
 *(.debug_loc)
 .debug_loc     0x00000000      0x1ab main.o
 .debug_loc     0x000001ab       0xf1 match_commands.o
 .debug_loc     0x0000029c      0x53d motor_control.o
 .debug_loc     0x000007d9      0x23b m_bus.o
 .debug_loc     0x00000a14      0x286 m_rf.o
 .debug_loc     0x00000c9a     0x190c m_usb.o
 .debug_loc     0x000025a6      0x4d5 m_wii.o
 .debug_loc     0x00002a7b      0x357 puck_find.o
 .debug_loc     0x00002dd2      0x330 robockey_median_filter.o
 .debug_loc     0x00003102      0xa86 robockey_robot.o
 .debug_loc     0x00003b88      0x11d score.o

.debug_macinfo
 *(.debug_macinfo)

.debug_weaknames
 *(.debug_weaknames)

.debug_funcnames
 *(.debug_funcnames)

.debug_typenames
 *(.debug_typenames)

.debug_varnames
 *(.debug_varnames)

.debug_pubtypes
 *(.debug_pubtypes)

.debug_ranges   0x00000000      0x360
 *(.debug_ranges)
 .debug_ranges  0x00000000       0x28 main.o
 .debug_ranges  0x00000028       0x30 match_commands.o
 .debug_ranges  0x00000058       0x40 motor_control.o
 .debug_ranges  0x00000098       0x48 m_bus.o
 .debug_ranges  0x000000e0       0x20 m_rf.o
 .debug_ranges  0x00000100      0x120 m_usb.o
 .debug_ranges  0x00000220       0x40 m_wii.o
 .debug_ranges  0x00000260       0x50 puck_find.o
 .debug_ranges  0x000002b0       0x48 robockey_median_filter.o
 .debug_ranges  0x000002f8       0x58 robockey_robot.o
 .debug_ranges  0x00000350       0x10 score.o

.debug_macro
 *(.debug_macro)
OUTPUT(RealPoolPlay.elf elf32-avr)
LOAD linker stubs
